05:22:10 chart ready
05:22:12 pine opened
05:22:23 code filled
05:23:01 Add to chart clicked (attempt 1)
05:23:16 PAGE TEXT (first 100 lines):
05:23:16   BTCUSDT
05:23:16   15m
05:23:16   Indicators
05:23:16   Alert
05:23:16   Replay
05:23:16   Save
05:23:16   Save
05:23:16   Trade
05:23:16   Publish
05:23:16   B
05:23:16   Bitcoin / TetherUS
05:23:16   15
05:23:16   Binance
05:23:16   O
05:23:16   78,650.01
05:23:16   H
05:23:16   78,668.00
05:23:16   L
05:23:16   78,629.75
05:23:16   C
05:23:16   78,668.00
05:23:16   +17.99 (+0.02%)
05:23:16   78,667.99
05:23:16   SELL
05:23:16   0.01
05:23:16   78,668.00
05:23:16   BUY
05:23:16   Vol · BTC
05:23:16   28
05:23:16   1D
05:23:16   5D
05:23:16   1M
05:23:16   3M
05:23:16   6M
05:23:16   YTD
05:23:16   1Y
05:23:16   5Y
05:23:16   All
05:23:16   05:23:16 UTC
05:23:16   Watchlist
05:23:16   Symbol
05:23:16   Last
05:23:16   Chg
05:23:16   Chg%
05:23:16   STOCKS
05:23:16   INDICES
05:23:16   S
05:23:16   SPX
05:23:16   D
05:23:16   7,675.70
05:23:16   −1.58
05:23:16   −0.02%
05:23:16   N
05:23:16   NDQ
05:23:16   29,224.52
05:23:16   15.29
05:23:16   0.05%
05:23:16   D
05:23:16   DJI
05:23:16   53,469.36
05:23:16   −113.01
05:23:16   −0.21%
05:23:16   V
05:23:16   VIX
05:23:16   D
05:23:16   15.21
05:23:16   −0.24
05:23:16   −1.55%
05:23:16   D
05:23:16   DXY
05:23:16   99.141
05:23:16   0.008
05:23:16   0.01%
05:23:16   STOCKS
05:23:16   A
05:23:16   AAPL
05:23:16   313.45
05:23:16   3.55
05:23:16   1.15%
05:23:16   T
05:23:16   TSLA
05:23:16   345.82
05:23:16   −4.43
05:23:16   −1.26%
05:23:16   N
05:23:16   NFLX
05:23:16   81.46
05:23:16   −0.77
05:23:16   −0.94%
05:23:16   FUTURES
05:23:16   U
05:23:16   USOIL
05:23:16   81.77
05:23:16   −0.13
05:23:16   −0.16%
05:23:16   G
05:23:16   GOLD
05:23:16   4,618.670
05:23:16   20.970
05:23:16   0.46%
05:23:16 CANVASES: 14
05:23:16 LEGENDS: 0
05:23:16 STRATEGY TAB: false
05:23:16 TABLES: 2
05:23:16 TRIANGLES/POLYGONS: 300
05:23:16 BODY TEXT: BTCUSDT
15m
Indicators
Alert
Replay
Save
Save
Trade
Publish
B
Bitcoin / TetherUS
15
Binance
O
78,650.01
H
78,668.00
L
78,629.75
C
78,668.00
+17.99 (+0.02%)
78,667.99
SELL
0.01
78,668.00
BUY
Vol · BTC
28
1D
5D
1M
3M
6M
YTD
1Y
5Y
All
05:23:16 UTC
Watchlist
Symbol
Last
Chg
Chg%
STOCKS
INDICES
S
SPX
D
7,675.70
−1.58
−0.02%
N
NDQ
29,224.52
15.29
0.05%
D
DJI
53,469.36
−113.01
−0.21%
V
VIX
D
15.21
−0.24
−1.55%
D
DXY
99.141
0.008
0.01%
STOCKS
A
AAPL
313.45
3.55
1.15%
T
TSLA
345.82
−4.43
−1.26%
N
NFLX
81
05:23:17 closed
