04:52:00 loading ../TradingView/CanvasV_V4_FAST.pine (47659 chars)
04:52:00 browser launched
04:52:05 chart ready: true
04:52:07 pine dialog opened
04:52:12 monaco visible
04:52:13 editor cleared
04:52:13 CDP session created
04:52:13 Clipboard.writeText failed: cdpSession.send: Protocol error (Clipboard.writeText): 'Clipboard.writeText' wasn't found, trying navigator.clipboard
04:52:13 navigator.clipboard.writeText completed in 9ms
04:52:14 Ctrl+V paste completed in 8ms
04:52:24 editor content length: 2747
04:52:24 Add to chart visible: true
04:52:24 Add to chart clicked
04:52:39 NO COMPILE ERRORS
04:52:39 legend entries: 0
04:52:39 tables: 2
04:52:39   table: 
04:52:39   table: 8:22:09 AM"Untitled script" opened
04:52:39 SUCCESS - indicator loaded
04:52:39 closed
